\BOOKMARK [0][-]{chapter.1}{\376\377\000I\000n\000t\000r\000o\000d\000u\000c\000t\000i\000o\000n}{}% 1
\BOOKMARK [1][-]{section.1.1}{\376\377\000W\000h\000a\000t\000\040\000D\000o\000\040\000S\000A\000T\000\040\000S\000o\000l\000v\000e\000r\000s\000\040\000E\000v\000e\000n\000\040\000S\000o\000l\000v\000e\000?}{chapter.1}% 2
\BOOKMARK [1][-]{section.1.2}{\376\377\000O\000u\000r\000\040\000E\000n\000v\000i\000r\000o\000n\000m\000e\000n\000t}{chapter.1}% 3
\BOOKMARK [1][-]{section.1.3}{\376\377\000C\000N\000F\000\040\000E\000n\000c\000o\000d\000i\000n\000g}{chapter.1}% 4
\BOOKMARK [1][-]{section.1.4}{\376\377\000R\000e\000a\000d\000i\000n\000g\000\040\000a\000\040\000C\000N\000F\000\040\000E\000q\000u\000a\000t\000i\000o\000n\000\040\000P\000r\000o\000g\000r\000a\000m\000m\000a\000t\000i\000c\000a\000l\000l\000y}{chapter.1}% 5
\BOOKMARK [0][-]{chapter.2}{\376\377\000B\000r\000u\000t\000e\000\040\000F\000o\000r\000c\000e}{}% 6
\BOOKMARK [1][-]{section.2.1}{\376\377\000O\000p\000t\000i\000m\000i\000z\000i\000n\000g\000\040\000B\000r\000u\000t\000e\000\040\000F\000o\000r\000c\000e}{chapter.2}% 7
\BOOKMARK [1][-]{section.2.2}{\376\377\000B\000r\000u\000t\000e\000\040\000F\000o\000r\000c\000e\000\040\000-\000\040\000R\000e\000s\000u\000l\000t\000s}{chapter.2}% 8
\BOOKMARK [0][-]{chapter.3}{\376\377\000D\000P\000L\000L}{}% 9
\BOOKMARK [1][-]{section.3.1}{\376\377\000R\000e\000c\000u\000r\000s\000i\000v\000e\000\040\000B\000a\000c\000k\000t\000r\000a\000c\000k\000i\000n\000g}{chapter.3}% 10
\BOOKMARK [2][-]{subsection.3.1.1}{\376\377\000R\000e\000c\000u\000r\000s\000i\000v\000e\000\040\000B\000a\000c\000k\000t\000r\000a\000c\000k\000i\000n\000g\000\040\040\023\000\040\000R\000e\000s\000u\000l\000t\000s}{section.3.1}% 11
\BOOKMARK [1][-]{section.3.2}{\376\377\000U\000n\000i\000t\000\040\000P\000r\000o\000p\000a\000g\000a\000t\000i\000o\000n}{chapter.3}% 12
\BOOKMARK [2][-]{subsection.3.2.1}{\376\377\000C\000h\000a\000n\000g\000e\000s\000\040\000T\000o\000\040\000O\000u\000r\000\040\000I\000m\000p\000l\000e\000m\000e\000n\000t\000a\000t\000i\000o\000n}{section.3.2}% 13
\BOOKMARK [2][-]{subsection.3.2.2}{\376\377\000`\000`\000T\000e\000x\000t\000b\000o\000o\000k\000"\000\040\000U\000n\000i\000t\000\040\000P\000r\000o\000p\000a\000g\000a\000t\000i\000o\000n}{section.3.2}% 14
\BOOKMARK [1][-]{section.3.3}{\376\377\000B\000e\000t\000t\000e\000r\000\040\000U\000n\000i\000t\000\040\000P\000r\000o\000p\000a\000g\000a\000t\000i\000o\000n}{chapter.3}% 15
\BOOKMARK [2][-]{subsection.3.3.1}{\376\377\000B\000e\000t\000t\000e\000r\000\040\000U\000n\000i\000t\000\040\000P\000r\000o\000p\000a\000g\000a\000t\000i\000o\000n\000\040\000-\000\040\000R\000e\000s\000u\000l\000t\000s}{section.3.3}% 16
\BOOKMARK [1][-]{section.3.4}{\376\377\000P\000u\000r\000e\000\040\000L\000i\000t\000e\000r\000a\000l\000\040\000E\000l\000i\000m\000i\000n\000a\000t\000i\000o\000n}{chapter.3}% 17
\BOOKMARK [2][-]{subsection.3.4.1}{\376\377\000I\000m\000p\000l\000e\000m\000e\000n\000t\000i\000n\000g\000\040\000P\000u\000r\000e\000\040\000L\000i\000t\000e\000r\000a\000l\000\040\000E\000l\000i\000m\000i\000n\000a\000t\000i\000o\000n}{section.3.4}% 18
\BOOKMARK [2][-]{subsection.3.4.2}{\376\377\000P\000u\000r\000e\000\040\000L\000i\000t\000e\000r\000a\000l\000\040\000E\000l\000i\000m\000i\000n\000a\000t\000i\000o\000n\000\040\000-\000\040\000R\000e\000s\000u\000l\000t\000s}{section.3.4}% 19
\BOOKMARK [1][-]{section.3.5}{\376\377\000W\000a\000t\000c\000h\000e\000d\000\040\000L\000i\000t\000e\000r\000a\000l\000s}{chapter.3}% 20
\BOOKMARK [2][-]{subsection.3.5.1}{\376\377\000A\000\040\000V\000i\000s\000u\000a\000l\000\040\000E\000x\000a\000m\000p\000l\000e\000\040\000o\000f\000\040\000W\000a\000t\000c\000h\000e\000d\000\040\000L\000i\000t\000e\000r\000a\000l\000s}{section.3.5}% 21
\BOOKMARK [2][-]{subsection.3.5.2}{\376\377\000A\000l\000g\000o\000r\000i\000t\000h\000m\000i\000c\000\040\000C\000h\000a\000n\000g\000e\000s}{section.3.5}% 22
\BOOKMARK [2][-]{subsection.3.5.3}{\376\377\000W\000h\000y\000\040\000T\000w\000o\000\040\000W\000a\000t\000c\000h\000e\000s\000?}{section.3.5}% 23
\BOOKMARK [2][-]{subsection.3.5.4}{\376\377\000W\000a\000t\000c\000h\000e\000d\000\040\000L\000i\000t\000e\000r\000a\000l\000s\000\040\000-\000\040\000R\000e\000s\000u\000l\000t\000s}{section.3.5}% 24
\BOOKMARK [1][-]{section.3.6}{\376\377\000I\000t\000e\000r\000a\000t\000i\000v\000e\000\040\000D\000P\000L\000L}{chapter.3}% 25
\BOOKMARK [2][-]{subsection.3.6.1}{\376\377\000I\000t\000e\000r\000a\000t\000i\000v\000e\000\040\000D\000P\000L\000L\000\040\000-\000\040\000R\000e\000s\000u\000l\000t\000s}{section.3.6}% 26
\BOOKMARK [0][-]{chapter.4}{\376\377\000C\000D\000C\000L}{}% 27
\BOOKMARK [1][-]{section.4.1}{\376\377\000C\000l\000a\000u\000s\000e\000\040\000L\000e\000a\000r\000n\000i\000n\000g}{chapter.4}% 28
\BOOKMARK [2][-]{subsection.4.1.1}{\376\377\000C\000l\000a\000u\000s\000e\000\040\000R\000e\000s\000o\000l\000u\000t\000i\000o\000n}{section.4.1}% 29
\BOOKMARK [2][-]{subsection.4.1.2}{\376\377\000C\000l\000a\000u\000s\000e\000\040\000L\000e\000a\000r\000n\000i\000n\000g\000\040\000-\000\040\000R\000e\000s\000u\000l\000t\000s}{section.4.1}% 30
\BOOKMARK [1][-]{section.4.2}{\376\377\000N\000o\000n\000-\000C\000h\000r\000o\000n\000o\000l\000o\000g\000i\000c\000a\000l\000\040\000B\000a\000c\000k\000j\000u\000m\000p\000i\000n\000g}{chapter.4}% 31
\BOOKMARK [2][-]{subsection.4.2.1}{\376\377\000N\000o\000n\000-\000C\000h\000r\000o\000n\000o\000l\000o\000g\000i\000c\000a\000l\000\040\000B\000a\000c\000k\000j\000u\000m\000p\000i\000n\000g\000\040\000-\000\040\000R\000e\000s\000u\000l\000t\000s}{section.4.2}% 32
\BOOKMARK [1][-]{section.4.3}{\376\377\000F\000i\000r\000s\000t\000\040\000U\000I\000P\000s}{chapter.4}% 33
\BOOKMARK [2][-]{subsection.4.3.1}{\376\377\000I\000m\000p\000l\000e\000m\000e\000n\000t\000i\000n\000g\000\040\000F\000i\000r\000s\000t\000\040\000U\000I\000P\000s}{section.4.3}% 34
\BOOKMARK [2][-]{subsection.4.3.2}{\376\377\000F\000i\000r\000s\000t\000\040\000U\000I\000P\000s\000\040\000-\000\040\000R\000e\000s\000u\000l\000t\000s}{section.4.3}% 35
\BOOKMARK [1][-]{section.4.4}{\376\377\000A\000\040\000S\000e\000c\000o\000n\000d\000\040\000R\000o\000u\000n\000d\000\040\000o\000f\000\040\000I\000m\000p\000r\000o\000v\000e\000m\000e\000n\000t\000s}{chapter.4}% 36
\BOOKMARK [2][-]{subsection.4.4.1}{\376\377\000R\000e\000m\000o\000v\000i\000n\000g\000\040\000H\000a\000s\000h\000i\000n\000g}{section.4.4}% 37
\BOOKMARK [2][-]{subsection.4.4.2}{\376\377\000F\000i\000x\000i\000n\000g\000\040\000C\000l\000a\000u\000s\000e\000\040\000R\000e\000s\000o\000l\000u\000t\000i\000o\000n}{section.4.4}% 38
\BOOKMARK [2][-]{subsection.4.4.3}{\376\377\000I\000m\000p\000r\000o\000v\000e\000m\000e\000n\000t\000s\000\040\000-\000\040\000R\000e\000s\000u\000l\000t\000s}{section.4.4}% 39
\BOOKMARK [1][-]{section.4.5}{\376\377\000V\000S\000I\000D\000S}{chapter.4}% 40
\BOOKMARK [2][-]{subsection.4.5.1}{\376\377\000c\000V\000S\000I\000D\000S}{section.4.5}% 41
\BOOKMARK [2][-]{subsection.4.5.2}{\376\377\000m\000V\000S\000I\000D\000S}{section.4.5}% 42
\BOOKMARK [2][-]{subsection.4.5.3}{\376\377\000E\000M\000A\000/\000N\000o\000r\000m\000a\000l\000i\000z\000e\000d\000\040\000V\000S\000I\000D\000S}{section.4.5}% 43
\BOOKMARK [2][-]{subsection.4.5.4}{\376\377\000A\000M\000A\000/\000a\000d\000a\000p\000t\000V\000S\000I\000D\000S}{section.4.5}% 44
\BOOKMARK [2][-]{subsection.4.5.5}{\376\377\000V\000S\000I\000D\000S\000\040\000-\000\040\000R\000e\000s\000u\000l\000t\000s}{section.4.5}% 45
\BOOKMARK [1][-]{section.4.6}{\376\377\000C\000l\000a\000u\000s\000e\000\040\000D\000a\000t\000a\000b\000a\000s\000e\000\040\000M\000a\000n\000a\000g\000e\000m\000e\000n\000t}{chapter.4}% 46
\BOOKMARK [2][-]{subsection.4.6.1}{\376\377\000N\000-\000O\000r\000d\000e\000r\000\040\000L\000e\000a\000r\000n\000i\000n\000g}{section.4.6}% 47
\BOOKMARK [2][-]{subsection.4.6.2}{\376\377\000M\000-\000S\000i\000z\000e\000\040\000R\000e\000l\000e\000v\000a\000n\000c\000e\000-\000B\000a\000s\000e\000d\000\040\000L\000e\000a\000r\000n\000i\000n\000g}{section.4.6}% 48
\BOOKMARK [2][-]{subsection.4.6.3}{\376\377\000C\000o\000m\000b\000i\000n\000i\000n\000g\000\040\000M\000-\000S\000i\000z\000e\000\040\000a\000n\000d\000\040\000K\000-\000B\000o\000u\000n\000d\000e\000d\000\040\000L\000e\000a\000r\000n\000i\000n\000g}{section.4.6}% 49
\BOOKMARK [2][-]{subsection.4.6.4}{\376\377\000`\000`\000C\000l\000a\000u\000s\000e\000\040\000V\000S\000I\000D\000S\000'\000'}{section.4.6}% 50
\BOOKMARK [2][-]{subsection.4.6.5}{\376\377\000C\000l\000a\000u\000s\000e\000\040\000D\000a\000t\000a\000b\000a\000s\000e\000\040\000M\000a\000n\000a\000g\000e\000m\000e\000n\000t\000\040\000-\000\040\000R\000e\000s\000u\000l\000t\000s}{section.4.6}% 51
\BOOKMARK [1][-]{section.4.7}{\376\377\000R\000e\000s\000t\000a\000r\000t\000s}{chapter.4}% 52
\BOOKMARK [2][-]{subsection.4.7.1}{\376\377\000A\000s\000s\000i\000g\000n\000m\000e\000n\000t\000\040\000P\000o\000l\000a\000r\000i\000t\000y}{section.4.7}% 53
\BOOKMARK [0][-]{chapter.5}{\376\377\000C\000o\000n\000c\000l\000u\000s\000i\000o\000n}{}% 54
\BOOKMARK [1][-]{section.5.1}{\376\377\000I\000m\000p\000r\000o\000v\000e\000m\000e\000n\000t\000s}{chapter.5}% 55
\BOOKMARK [2][-]{subsection.5.1.1}{\376\377\000T\000h\000i\000s\000\040\000P\000a\000p\000e\000r\000\040\000i\000s\000\040\000P\000o\000o\000r\000l\000y\000\040\000W\000r\000i\000t\000t\000e\000n}{section.5.1}% 56
\BOOKMARK [2][-]{subsection.5.1.2}{\376\377\000T\000h\000e\000\040\000C\000o\000d\000e\000\040\000N\000e\000e\000d\000s\000\040\000t\000o\000\040\000b\000e\000\040\000C\000l\000e\000a\000n\000e\000d}{section.5.1}% 57
\BOOKMARK [2][-]{subsection.5.1.3}{\376\377\000W\000e\000\040\000D\000o\000n\000'\000t\000\040\000E\000x\000p\000l\000o\000r\000e\000\040\000O\000t\000h\000e\000r\000\040\000R\000e\000a\000l\000\040\000S\000o\000l\000v\000e\000r\000s}{section.5.1}% 58
\BOOKMARK [2][-]{subsection.5.1.4}{\376\377\000T\000h\000e\000r\000e\000\040\000A\000r\000e\000\040\000N\000o\000\040\000A\000c\000t\000u\000a\000l\000\040\000C\000i\000t\000a\000t\000i\000o\000n\000s}{section.5.1}% 59
